DE-DUPLICATED KEYS:
Michael Jordan:
    occupation: basketball player
Michael Jordan #2:
    occupation: actor
Michael Jordan #3:
    occupation: football player

ORIGINAL KEYS:
Michael Jordan:
    occupation: basketball player
        # Chicago Bulls
Michael Jordan:
    occupation: actor
        # Black Panther
Michael Jordan:
    occupation: football player
        # Philadelphia Eagles

MODIFIED KEYS:
Jordan, Michael:
    occupation: basketball player
        # Chicago Bulls
Jordan, Michael:
    occupation: actor
        # Black Panther
Jordan, Michael:
    occupation: football player
        # Philadelphia Eagles
